2025/02/04 21:09:46 /home/fedora_cody/private_cabinet/study_tips/go/chat_practice/logging.go:21: Exit open fsaljlk: no such file or directory
